mode: set
github.com/tobias/vibefeld/internal/state/apply.go:22.48,23.14 1 1
github.com/tobias/vibefeld/internal/state/apply.go:23.14,25.3 1 1
github.com/tobias/vibefeld/internal/state/apply.go:26.2,26.18 1 1
github.com/tobias/vibefeld/internal/state/apply.go:26.18,28.3 1 1
github.com/tobias/vibefeld/internal/state/apply.go:30.2,30.27 1 1
github.com/tobias/vibefeld/internal/state/apply.go:31.31,32.37 1 1
github.com/tobias/vibefeld/internal/state/apply.go:33.26,34.32 1 1
github.com/tobias/vibefeld/internal/state/apply.go:35.27,36.33 1 1
github.com/tobias/vibefeld/internal/state/apply.go:37.29,38.35 1 0
github.com/tobias/vibefeld/internal/state/apply.go:39.28,40.34 1 1
github.com/tobias/vibefeld/internal/state/apply.go:41.28,42.34 1 1
github.com/tobias/vibefeld/internal/state/apply.go:43.27,44.33 1 1
github.com/tobias/vibefeld/internal/state/apply.go:45.26,46.32 1 1
github.com/tobias/vibefeld/internal/state/apply.go:47.27,48.33 1 1
github.com/tobias/vibefeld/internal/state/apply.go:49.30,50.36 1 1
github.com/tobias/vibefeld/internal/state/apply.go:51.23,52.29 1 1
github.com/tobias/vibefeld/internal/state/apply.go:53.29,54.35 1 1
github.com/tobias/vibefeld/internal/state/apply.go:55.30,56.36 1 1
github.com/tobias/vibefeld/internal/state/apply.go:57.32,58.38 1 1
github.com/tobias/vibefeld/internal/state/apply.go:59.33,60.39 1 1
github.com/tobias/vibefeld/internal/state/apply.go:61.34,62.40 1 1
github.com/tobias/vibefeld/internal/state/apply.go:63.26,64.32 1 0
github.com/tobias/vibefeld/internal/state/apply.go:65.26,66.32 1 0
github.com/tobias/vibefeld/internal/state/apply.go:67.26,68.32 1 0
github.com/tobias/vibefeld/internal/state/apply.go:69.10,70.60 1 1
github.com/tobias/vibefeld/internal/state/apply.go:76.71,80.2 1 1
github.com/tobias/vibefeld/internal/state/apply.go:84.61,88.2 3 1
github.com/tobias/vibefeld/internal/state/apply.go:92.63,93.35 1 1
github.com/tobias/vibefeld/internal/state/apply.go:93.35,95.15 2 1
github.com/tobias/vibefeld/internal/state/apply.go:95.15,97.4 1 1
github.com/tobias/vibefeld/internal/state/apply.go:99.3,99.100 1 1
github.com/tobias/vibefeld/internal/state/apply.go:99.100,101.4 1 1
github.com/tobias/vibefeld/internal/state/apply.go:102.3,104.26 3 1
github.com/tobias/vibefeld/internal/state/apply.go:106.2,106.12 1 1
github.com/tobias/vibefeld/internal/state/apply.go:111.67,113.14 2 0
github.com/tobias/vibefeld/internal/state/apply.go:113.14,115.3 1 0
github.com/tobias/vibefeld/internal/state/apply.go:117.2,117.47 1 0
github.com/tobias/vibefeld/internal/state/apply.go:117.47,119.3 1 0
github.com/tobias/vibefeld/internal/state/apply.go:120.2,120.28 1 0
github.com/tobias/vibefeld/internal/state/apply.go:120.28,122.3 1 0
github.com/tobias/vibefeld/internal/state/apply.go:124.2,125.12 2 0
github.com/tobias/vibefeld/internal/state/apply.go:130.65,131.35 1 1
github.com/tobias/vibefeld/internal/state/apply.go:131.35,133.15 2 1
github.com/tobias/vibefeld/internal/state/apply.go:133.15,135.4 1 1
github.com/tobias/vibefeld/internal/state/apply.go:137.3,137.102 1 1
github.com/tobias/vibefeld/internal/state/apply.go:137.102,139.4 1 1
github.com/tobias/vibefeld/internal/state/apply.go:140.3,142.34 3 1
github.com/tobias/vibefeld/internal/state/apply.go:144.2,144.12 1 1
github.com/tobias/vibefeld/internal/state/apply.go:149.65,151.14 2 1
github.com/tobias/vibefeld/internal/state/apply.go:151.14,153.3 1 1
github.com/tobias/vibefeld/internal/state/apply.go:155.2,155.104 1 1
github.com/tobias/vibefeld/internal/state/apply.go:155.104,157.3 1 0
github.com/tobias/vibefeld/internal/state/apply.go:158.2,163.12 3 1
github.com/tobias/vibefeld/internal/state/apply.go:168.63,170.14 2 1
github.com/tobias/vibefeld/internal/state/apply.go:170.14,172.3 1 1
github.com/tobias/vibefeld/internal/state/apply.go:174.2,174.103 1 1
github.com/tobias/vibefeld/internal/state/apply.go:174.103,176.3 1 0
github.com/tobias/vibefeld/internal/state/apply.go:177.2,182.12 3 1
github.com/tobias/vibefeld/internal/state/apply.go:188.61,190.14 2 1
github.com/tobias/vibefeld/internal/state/apply.go:190.14,192.3 1 1
github.com/tobias/vibefeld/internal/state/apply.go:194.2,194.102 1 1
github.com/tobias/vibefeld/internal/state/apply.go:194.102,196.3 1 0
github.com/tobias/vibefeld/internal/state/apply.go:197.2,205.12 4 1
github.com/tobias/vibefeld/internal/state/apply.go:211.63,213.14 2 1
github.com/tobias/vibefeld/internal/state/apply.go:213.14,215.3 1 1
github.com/tobias/vibefeld/internal/state/apply.go:217.2,217.103 1 1
github.com/tobias/vibefeld/internal/state/apply.go:217.103,219.3 1 0
github.com/tobias/vibefeld/internal/state/apply.go:220.2,228.12 4 1
github.com/tobias/vibefeld/internal/state/apply.go:233.69,235.14 2 1
github.com/tobias/vibefeld/internal/state/apply.go:235.14,237.3 1 1
github.com/tobias/vibefeld/internal/state/apply.go:238.2,239.12 2 1
github.com/tobias/vibefeld/internal/state/apply.go:244.55,253.2 3 1
github.com/tobias/vibefeld/internal/state/apply.go:257.67,266.2 3 1
github.com/tobias/vibefeld/internal/state/apply.go:270.69,273.20 2 1
github.com/tobias/vibefeld/internal/state/apply.go:273.20,275.3 1 0
github.com/tobias/vibefeld/internal/state/apply.go:276.2,287.12 3 1
github.com/tobias/vibefeld/internal/state/apply.go:292.73,294.14 2 1
github.com/tobias/vibefeld/internal/state/apply.go:294.14,296.3 1 1
github.com/tobias/vibefeld/internal/state/apply.go:297.2,299.12 3 1
github.com/tobias/vibefeld/internal/state/apply.go:304.75,306.14 2 1
github.com/tobias/vibefeld/internal/state/apply.go:306.14,308.3 1 1
github.com/tobias/vibefeld/internal/state/apply.go:309.2,311.12 3 1
github.com/tobias/vibefeld/internal/state/apply.go:318.77,320.14 2 1
github.com/tobias/vibefeld/internal/state/apply.go:320.14,322.3 1 1
github.com/tobias/vibefeld/internal/state/apply.go:323.2,325.12 3 1
github.com/tobias/vibefeld/internal/state/apply.go:331.68,335.31 3 1
github.com/tobias/vibefeld/internal/state/apply.go:335.31,336.25 1 1
github.com/tobias/vibefeld/internal/state/apply.go:336.25,339.4 2 1
github.com/tobias/vibefeld/internal/state/apply.go:341.2,341.14 1 1
github.com/tobias/vibefeld/internal/state/apply.go:341.14,343.3 1 1
github.com/tobias/vibefeld/internal/state/apply.go:351.52,352.26 1 1
github.com/tobias/vibefeld/internal/state/apply.go:352.26,354.3 1 0
github.com/tobias/vibefeld/internal/state/apply.go:357.2,361.30 3 1
github.com/tobias/vibefeld/internal/state/apply.go:361.30,362.16 1 1
github.com/tobias/vibefeld/internal/state/apply.go:362.16,364.4 1 1
github.com/tobias/vibefeld/internal/state/apply.go:367.2,369.16 3 1
github.com/tobias/vibefeld/internal/state/apply.go:369.16,370.51 1 1
github.com/tobias/vibefeld/internal/state/apply.go:370.51,372.4 1 1
github.com/tobias/vibefeld/internal/state/apply.go:373.3,373.42 1 1
github.com/tobias/vibefeld/internal/state/apply.go:377.2,381.35 3 1
github.com/tobias/vibefeld/internal/state/apply.go:386.61,388.14 2 0
github.com/tobias/vibefeld/internal/state/apply.go:388.14,390.3 1 0
github.com/tobias/vibefeld/internal/state/apply.go:393.2,407.12 5 0
github.com/tobias/vibefeld/internal/state/apply.go:412.61,414.2 1 0
github.com/tobias/vibefeld/internal/state/apply.go:418.61,420.2 1 0
github.com/tobias/vibefeld/internal/state/replay.go:15.49,17.2 1 0
github.com/tobias/vibefeld/internal/state/replay.go:22.59,24.2 1 0
github.com/tobias/vibefeld/internal/state/replay.go:27.76,28.16 1 0
github.com/tobias/vibefeld/internal/state/replay.go:28.16,30.3 1 0
github.com/tobias/vibefeld/internal/state/replay.go:32.2,38.51 3 0
github.com/tobias/vibefeld/internal/state/replay.go:38.51,40.25 1 0
github.com/tobias/vibefeld/internal/state/replay.go:40.25,41.25 1 0
github.com/tobias/vibefeld/internal/state/replay.go:41.25,43.5 1 0
github.com/tobias/vibefeld/internal/state/replay.go:44.4,44.85 1 0
github.com/tobias/vibefeld/internal/state/replay.go:46.3,50.17 3 0
github.com/tobias/vibefeld/internal/state/replay.go:50.17,52.4 1 0
github.com/tobias/vibefeld/internal/state/replay.go:55.3,55.45 1 0
github.com/tobias/vibefeld/internal/state/replay.go:55.45,57.4 1 0
github.com/tobias/vibefeld/internal/state/replay.go:60.3,63.19 2 0
github.com/tobias/vibefeld/internal/state/replay.go:63.19,64.57 1 0
github.com/tobias/vibefeld/internal/state/replay.go:64.57,67.43 2 0
github.com/tobias/vibefeld/internal/state/replay.go:67.43,69.6 1 0
github.com/tobias/vibefeld/internal/state/replay.go:73.3,73.13 1 0
github.com/tobias/vibefeld/internal/state/replay.go:76.2,76.16 1 0
github.com/tobias/vibefeld/internal/state/replay.go:76.16,78.3 1 0
github.com/tobias/vibefeld/internal/state/replay.go:80.2,80.19 1 0
github.com/tobias/vibefeld/internal/state/replay.go:87.62,91.15 3 0
github.com/tobias/vibefeld/internal/state/replay.go:91.15,93.3 1 0
github.com/tobias/vibefeld/internal/state/replay.go:96.2,97.107 2 0
github.com/tobias/vibefeld/internal/state/replay.go:97.107,99.3 1 0
github.com/tobias/vibefeld/internal/state/replay.go:100.2,100.42 1 0
github.com/tobias/vibefeld/internal/state/replay.go:100.42,102.3 1 0
github.com/tobias/vibefeld/internal/state/replay.go:103.2,106.107 2 0
github.com/tobias/vibefeld/internal/state/replay.go:106.107,108.3 1 0
github.com/tobias/vibefeld/internal/state/replay.go:109.2,109.42 1 0
github.com/tobias/vibefeld/internal/state/replay.go:109.42,111.3 1 0
github.com/tobias/vibefeld/internal/state/replay.go:112.2,116.22 3 0
github.com/tobias/vibefeld/internal/state/replay.go:116.22,117.45 1 0
github.com/tobias/vibefeld/internal/state/replay.go:117.45,119.12 2 0
github.com/tobias/vibefeld/internal/state/replay.go:121.3,121.23 1 0
github.com/tobias/vibefeld/internal/state/replay.go:121.23,123.4 1 0
github.com/tobias/vibefeld/internal/state/replay.go:124.3,124.8 1 0
github.com/tobias/vibefeld/internal/state/replay.go:127.2,127.65 1 0
github.com/tobias/vibefeld/internal/state/replay.go:137.55,137.92 1 0
github.com/tobias/vibefeld/internal/state/replay.go:138.55,138.87 1 0
github.com/tobias/vibefeld/internal/state/replay.go:139.55,139.88 1 0
github.com/tobias/vibefeld/internal/state/replay.go:140.55,140.89 1 0
github.com/tobias/vibefeld/internal/state/replay.go:141.55,141.91 1 0
github.com/tobias/vibefeld/internal/state/replay.go:142.55,142.93 1 0
github.com/tobias/vibefeld/internal/state/replay.go:143.55,143.94 1 0
github.com/tobias/vibefeld/internal/state/replay.go:144.55,144.95 1 0
github.com/tobias/vibefeld/internal/state/replay.go:145.55,145.89 1 0
github.com/tobias/vibefeld/internal/state/replay.go:146.55,146.88 1 0
github.com/tobias/vibefeld/internal/state/replay.go:147.55,147.87 1 0
github.com/tobias/vibefeld/internal/state/replay.go:148.55,148.88 1 0
github.com/tobias/vibefeld/internal/state/replay.go:149.55,149.87 1 0
github.com/tobias/vibefeld/internal/state/replay.go:150.55,150.91 1 0
github.com/tobias/vibefeld/internal/state/replay.go:151.55,151.84 1 0
github.com/tobias/vibefeld/internal/state/replay.go:152.55,152.90 1 0
github.com/tobias/vibefeld/internal/state/replay.go:153.55,153.86 1 0
github.com/tobias/vibefeld/internal/state/replay.go:154.55,154.90 1 0
github.com/tobias/vibefeld/internal/state/replay.go:160.52,163.16 2 0
github.com/tobias/vibefeld/internal/state/replay.go:163.16,165.3 1 0
github.com/tobias/vibefeld/internal/state/replay.go:168.2,169.9 2 0
github.com/tobias/vibefeld/internal/state/replay.go:169.9,171.3 1 0
github.com/tobias/vibefeld/internal/state/replay.go:174.2,175.55 2 0
github.com/tobias/vibefeld/internal/state/replay.go:175.55,177.3 1 0
github.com/tobias/vibefeld/internal/state/replay.go:181.2,181.73 1 0
github.com/tobias/vibefeld/internal/state/state.go:72.24,83.2 1 1
github.com/tobias/vibefeld/internal/state/state.go:87.39,89.2 1 1
github.com/tobias/vibefeld/internal/state/state.go:92.53,94.2 1 1
github.com/tobias/vibefeld/internal/state/state.go:98.51,100.2 1 1
github.com/tobias/vibefeld/internal/state/state.go:103.59,105.2 1 1
github.com/tobias/vibefeld/internal/state/state.go:109.67,110.34 1 0
github.com/tobias/vibefeld/internal/state/state.go:110.34,111.21 1 0
github.com/tobias/vibefeld/internal/state/state.go:111.21,113.4 1 0
github.com/tobias/vibefeld/internal/state/state.go:115.2,115.12 1 0
github.com/tobias/vibefeld/internal/state/state.go:120.51,122.2 1 1
github.com/tobias/vibefeld/internal/state/state.go:125.59,127.2 1 1
github.com/tobias/vibefeld/internal/state/state.go:131.47,133.2 1 1
github.com/tobias/vibefeld/internal/state/state.go:136.55,138.2 1 1
github.com/tobias/vibefeld/internal/state/state.go:142.63,143.32 1 1
github.com/tobias/vibefeld/internal/state/state.go:143.32,144.21 1 1
github.com/tobias/vibefeld/internal/state/state.go:144.21,146.4 1 1
github.com/tobias/vibefeld/internal/state/state.go:148.2,148.12 1 1
github.com/tobias/vibefeld/internal/state/state.go:153.41,155.2 1 1
github.com/tobias/vibefeld/internal/state/state.go:158.49,160.2 1 1
github.com/tobias/vibefeld/internal/state/state.go:164.43,166.29 2 1
github.com/tobias/vibefeld/internal/state/state.go:166.29,168.3 1 1
github.com/tobias/vibefeld/internal/state/state.go:169.2,169.15 1 1
github.com/tobias/vibefeld/internal/state/state.go:175.44,178.2 2 1
github.com/tobias/vibefeld/internal/state/state.go:181.52,183.2 1 1
github.com/tobias/vibefeld/internal/state/state.go:187.46,189.33 2 1
github.com/tobias/vibefeld/internal/state/state.go:189.33,191.3 1 1
github.com/tobias/vibefeld/internal/state/state.go:192.2,192.19 1 1
github.com/tobias/vibefeld/internal/state/state.go:197.44,199.2 1 1
github.com/tobias/vibefeld/internal/state/state.go:204.62,205.31 1 1
github.com/tobias/vibefeld/internal/state/state.go:205.31,207.3 1 1
github.com/tobias/vibefeld/internal/state/state.go:210.2,211.33 2 1
github.com/tobias/vibefeld/internal/state/state.go:211.33,214.3 2 1
github.com/tobias/vibefeld/internal/state/state.go:215.2,215.27 1 1
github.com/tobias/vibefeld/internal/state/state.go:220.72,222.2 1 1
github.com/tobias/vibefeld/internal/state/state.go:227.68,230.44 3 1
github.com/tobias/vibefeld/internal/state/state.go:230.44,232.32 2 1
github.com/tobias/vibefeld/internal/state/state.go:232.32,239.4 2 1
github.com/tobias/vibefeld/internal/state/state.go:240.3,240.32 1 1
github.com/tobias/vibefeld/internal/state/state.go:242.2,242.15 1 1
github.com/tobias/vibefeld/internal/state/state.go:247.47,249.33 2 0
github.com/tobias/vibefeld/internal/state/state.go:249.33,250.25 1 0
github.com/tobias/vibefeld/internal/state/state.go:250.25,252.4 1 0
github.com/tobias/vibefeld/internal/state/state.go:254.2,254.13 1 0
github.com/tobias/vibefeld/internal/state/state.go:262.80,266.31 3 1
github.com/tobias/vibefeld/internal/state/state.go:266.31,268.25 1 1
github.com/tobias/vibefeld/internal/state/state.go:268.25,269.12 1 1
github.com/tobias/vibefeld/internal/state/state.go:272.3,272.76 1 1
github.com/tobias/vibefeld/internal/state/state.go:272.76,274.4 1 1
github.com/tobias/vibefeld/internal/state/state.go:276.2,276.17 1 1
github.com/tobias/vibefeld/internal/state/state.go:281.65,283.2 1 1
github.com/tobias/vibefeld/internal/state/state.go:290.90,293.31 2 1
github.com/tobias/vibefeld/internal/state/state.go:293.31,294.28 1 1
github.com/tobias/vibefeld/internal/state/state.go:294.28,296.4 1 1
github.com/tobias/vibefeld/internal/state/state.go:298.2,298.14 1 1
github.com/tobias/vibefeld/internal/state/state.go:303.41,305.28 2 1
github.com/tobias/vibefeld/internal/state/state.go:305.28,307.3 1 1
github.com/tobias/vibefeld/internal/state/state.go:308.2,308.14 1 1
github.com/tobias/vibefeld/internal/state/state.go:314.33,316.2 1 0
github.com/tobias/vibefeld/internal/state/state.go:320.39,322.2 1 0
github.com/tobias/vibefeld/internal/state/state.go:327.66,330.28 2 1
github.com/tobias/vibefeld/internal/state/state.go:330.28,333.17 2 1
github.com/tobias/vibefeld/internal/state/state.go:333.17,334.12 1 1
github.com/tobias/vibefeld/internal/state/state.go:337.3,337.30 1 1
github.com/tobias/vibefeld/internal/state/state.go:337.30,338.53 1 1
github.com/tobias/vibefeld/internal/state/state.go:338.53,340.5 1 1
github.com/tobias/vibefeld/internal/state/state.go:345.2,345.13 1 1
github.com/tobias/vibefeld/internal/state/state.go:349.72,352.2 2 0
github.com/tobias/vibefeld/internal/state/state.go:356.70,358.2 1 0
github.com/tobias/vibefeld/internal/state/state.go:362.72,364.2 1 0
github.com/tobias/vibefeld/internal/state/state.go:368.55,370.2 1 0
github.com/tobias/vibefeld/internal/state/state.go:375.68,377.2 1 0
github.com/tobias/vibefeld/internal/state/state.go:380.50,382.2 1 0
github.com/tobias/vibefeld/internal/state/state.go:385.47,387.2 1 0
github.com/tobias/vibefeld/internal/state/state.go:390.60,392.2 1 0
github.com/tobias/vibefeld/internal/state/state.go:396.47,398.2 1 0
