mode: set
github.com/tobias/vibefeld/internal/ledger/append.go:27.54,28.39 1 1
github.com/tobias/vibefeld/internal/ledger/append.go:28.39,30.3 1 1
github.com/tobias/vibefeld/internal/ledger/append.go:36.59,37.31 1 1
github.com/tobias/vibefeld/internal/ledger/append.go:37.31,38.25 1 1
github.com/tobias/vibefeld/internal/ledger/append.go:38.25,43.4 1 1
github.com/tobias/vibefeld/internal/ledger/append.go:49.42,50.15 1 1
github.com/tobias/vibefeld/internal/ledger/append.go:50.15,52.3 1 1
github.com/tobias/vibefeld/internal/ledger/append.go:54.2,55.16 2 1
github.com/tobias/vibefeld/internal/ledger/append.go:55.16,57.3 1 1
github.com/tobias/vibefeld/internal/ledger/append.go:58.2,58.19 1 1
github.com/tobias/vibefeld/internal/ledger/append.go:58.19,60.3 1 1
github.com/tobias/vibefeld/internal/ledger/append.go:62.2,62.12 1 1
github.com/tobias/vibefeld/internal/ledger/append.go:69.51,71.2 1 1
github.com/tobias/vibefeld/internal/ledger/append.go:75.85,76.47 1 1
github.com/tobias/vibefeld/internal/ledger/append.go:76.47,78.3 1 1
github.com/tobias/vibefeld/internal/ledger/append.go:81.2,82.66 2 1
github.com/tobias/vibefeld/internal/ledger/append.go:82.66,84.3 1 1
github.com/tobias/vibefeld/internal/ledger/append.go:85.2,89.16 3 1
github.com/tobias/vibefeld/internal/ledger/append.go:89.16,91.3 1 0
github.com/tobias/vibefeld/internal/ledger/append.go:94.2,95.16 2 1
github.com/tobias/vibefeld/internal/ledger/append.go:95.16,97.3 1 0
github.com/tobias/vibefeld/internal/ledger/append.go:100.2,101.16 2 1
github.com/tobias/vibefeld/internal/ledger/append.go:101.16,103.3 1 0
github.com/tobias/vibefeld/internal/ledger/append.go:104.2,108.16 3 1
github.com/tobias/vibefeld/internal/ledger/append.go:108.16,112.3 3 0
github.com/tobias/vibefeld/internal/ledger/append.go:115.2,115.40 1 1
github.com/tobias/vibefeld/internal/ledger/append.go:115.40,119.3 3 0
github.com/tobias/vibefeld/internal/ledger/append.go:122.2,122.41 1 1
github.com/tobias/vibefeld/internal/ledger/append.go:122.41,125.3 2 0
github.com/tobias/vibefeld/internal/ledger/append.go:128.2,128.49 1 1
github.com/tobias/vibefeld/internal/ledger/append.go:128.49,131.3 2 0
github.com/tobias/vibefeld/internal/ledger/append.go:134.2,135.55 2 1
github.com/tobias/vibefeld/internal/ledger/append.go:135.55,138.3 2 0
github.com/tobias/vibefeld/internal/ledger/append.go:140.2,140.17 1 1
github.com/tobias/vibefeld/internal/ledger/append.go:153.78,155.2 1 1
github.com/tobias/vibefeld/internal/ledger/append.go:158.112,159.47 1 1
github.com/tobias/vibefeld/internal/ledger/append.go:159.47,161.3 1 1
github.com/tobias/vibefeld/internal/ledger/append.go:164.2,165.78 2 1
github.com/tobias/vibefeld/internal/ledger/append.go:165.78,167.3 1 1
github.com/tobias/vibefeld/internal/ledger/append.go:168.2,172.16 3 1
github.com/tobias/vibefeld/internal/ledger/append.go:172.16,174.3 1 0
github.com/tobias/vibefeld/internal/ledger/append.go:179.2,180.33 2 1
github.com/tobias/vibefeld/internal/ledger/append.go:180.33,183.3 1 1
github.com/tobias/vibefeld/internal/ledger/append.go:186.2,190.16 3 1
github.com/tobias/vibefeld/internal/ledger/append.go:190.16,192.3 1 0
github.com/tobias/vibefeld/internal/ledger/append.go:195.2,196.16 2 1
github.com/tobias/vibefeld/internal/ledger/append.go:196.16,198.3 1 0
github.com/tobias/vibefeld/internal/ledger/append.go:199.2,203.16 3 1
github.com/tobias/vibefeld/internal/ledger/append.go:203.16,207.3 3 0
github.com/tobias/vibefeld/internal/ledger/append.go:210.2,210.40 1 1
github.com/tobias/vibefeld/internal/ledger/append.go:210.40,214.3 3 0
github.com/tobias/vibefeld/internal/ledger/append.go:217.2,217.41 1 1
github.com/tobias/vibefeld/internal/ledger/append.go:217.41,220.3 2 0
github.com/tobias/vibefeld/internal/ledger/append.go:223.2,223.49 1 1
github.com/tobias/vibefeld/internal/ledger/append.go:223.49,226.3 2 0
github.com/tobias/vibefeld/internal/ledger/append.go:229.2,230.55 2 1
github.com/tobias/vibefeld/internal/ledger/append.go:230.55,233.3 2 0
github.com/tobias/vibefeld/internal/ledger/append.go:235.2,235.17 1 1
github.com/tobias/vibefeld/internal/ledger/append.go:242.61,243.22 1 1
github.com/tobias/vibefeld/internal/ledger/append.go:243.22,245.3 1 1
github.com/tobias/vibefeld/internal/ledger/append.go:247.2,247.47 1 1
github.com/tobias/vibefeld/internal/ledger/append.go:247.47,249.3 1 1
github.com/tobias/vibefeld/internal/ledger/append.go:252.2,253.83 2 1
github.com/tobias/vibefeld/internal/ledger/append.go:253.83,255.3 1 1
github.com/tobias/vibefeld/internal/ledger/append.go:256.2,260.16 3 1
github.com/tobias/vibefeld/internal/ledger/append.go:260.16,262.3 1 0
github.com/tobias/vibefeld/internal/ledger/append.go:264.2,268.31 3 1
github.com/tobias/vibefeld/internal/ledger/append.go:268.31,274.17 4 1
github.com/tobias/vibefeld/internal/ledger/append.go:274.17,277.4 2 0
github.com/tobias/vibefeld/internal/ledger/append.go:280.3,281.17 2 1
github.com/tobias/vibefeld/internal/ledger/append.go:281.17,284.4 2 0
github.com/tobias/vibefeld/internal/ledger/append.go:285.3,289.17 3 1
github.com/tobias/vibefeld/internal/ledger/append.go:289.17,293.4 3 0
github.com/tobias/vibefeld/internal/ledger/append.go:296.3,296.41 1 1
github.com/tobias/vibefeld/internal/ledger/append.go:296.41,300.4 3 0
github.com/tobias/vibefeld/internal/ledger/append.go:302.3,302.42 1 1
github.com/tobias/vibefeld/internal/ledger/append.go:302.42,305.4 2 0
github.com/tobias/vibefeld/internal/ledger/append.go:308.3,308.54 1 1
github.com/tobias/vibefeld/internal/ledger/append.go:308.54,311.4 2 0
github.com/tobias/vibefeld/internal/ledger/append.go:315.2,315.24 1 1
github.com/tobias/vibefeld/internal/ledger/append.go:315.24,318.60 3 1
github.com/tobias/vibefeld/internal/ledger/append.go:318.60,324.4 2 0
github.com/tobias/vibefeld/internal/ledger/append.go:327.2,327.18 1 1
github.com/tobias/vibefeld/internal/ledger/event.go:53.37,55.2 1 1
github.com/tobias/vibefeld/internal/ledger/event.go:58.48,60.2 1 1
github.com/tobias/vibefeld/internal/ledger/event.go:198.70,207.2 1 1
github.com/tobias/vibefeld/internal/ledger/event.go:210.46,218.2 1 1
github.com/tobias/vibefeld/internal/ledger/event.go:221.98,231.2 1 1
github.com/tobias/vibefeld/internal/ledger/event.go:234.61,242.2 1 1
github.com/tobias/vibefeld/internal/ledger/event.go:245.105,247.2 1 1
github.com/tobias/vibefeld/internal/ledger/event.go:250.137,263.2 1 1
github.com/tobias/vibefeld/internal/ledger/event.go:266.65,274.2 1 1
github.com/tobias/vibefeld/internal/ledger/event.go:277.67,285.2 1 1
github.com/tobias/vibefeld/internal/ledger/event.go:289.90,298.2 1 0
github.com/tobias/vibefeld/internal/ledger/event.go:301.58,303.2 1 1
github.com/tobias/vibefeld/internal/ledger/event.go:308.79,317.2 1 1
github.com/tobias/vibefeld/internal/ledger/event.go:320.56,328.2 1 1
github.com/tobias/vibefeld/internal/ledger/event.go:331.54,339.2 1 1
github.com/tobias/vibefeld/internal/ledger/event.go:342.56,350.2 1 1
github.com/tobias/vibefeld/internal/ledger/event.go:353.88,362.2 1 1
github.com/tobias/vibefeld/internal/ledger/event.go:365.43,373.2 1 1
github.com/tobias/vibefeld/internal/ledger/event.go:376.52,384.2 1 1
github.com/tobias/vibefeld/internal/ledger/event.go:389.66,398.2 1 0
github.com/tobias/vibefeld/internal/ledger/event.go:401.101,412.2 1 0
github.com/tobias/vibefeld/internal/ledger/event.go:432.72,441.2 1 1
github.com/tobias/vibefeld/internal/ledger/event.go:444.84,453.2 1 1
github.com/tobias/vibefeld/internal/ledger/event.go:465.102,475.2 1 1
github.com/tobias/vibefeld/internal/ledger/filename.go:16.39,18.2 1 1
github.com/tobias/vibefeld/internal/ledger/filename.go:22.46,23.16 1 1
github.com/tobias/vibefeld/internal/ledger/filename.go:23.16,25.3 1 1
github.com/tobias/vibefeld/internal/ledger/filename.go:27.2,27.39 1 1
github.com/tobias/vibefeld/internal/ledger/filename.go:27.39,29.3 1 1
github.com/tobias/vibefeld/internal/ledger/filename.go:32.2,33.16 2 1
github.com/tobias/vibefeld/internal/ledger/filename.go:33.16,35.3 1 1
github.com/tobias/vibefeld/internal/ledger/filename.go:38.2,39.16 2 1
github.com/tobias/vibefeld/internal/ledger/filename.go:39.16,41.3 1 1
github.com/tobias/vibefeld/internal/ledger/filename.go:44.2,44.13 1 1
github.com/tobias/vibefeld/internal/ledger/filename.go:44.13,46.3 1 1
github.com/tobias/vibefeld/internal/ledger/filename.go:48.2,48.17 1 1
github.com/tobias/vibefeld/internal/ledger/filename.go:54.44,56.16 2 1
github.com/tobias/vibefeld/internal/ledger/filename.go:56.16,58.3 1 1
github.com/tobias/vibefeld/internal/ledger/filename.go:60.2,61.32 2 1
github.com/tobias/vibefeld/internal/ledger/filename.go:61.32,63.20 1 1
github.com/tobias/vibefeld/internal/ledger/filename.go:63.20,64.12 1 1
github.com/tobias/vibefeld/internal/ledger/filename.go:68.3,69.17 2 1
github.com/tobias/vibefeld/internal/ledger/filename.go:69.17,71.12 1 1
github.com/tobias/vibefeld/internal/ledger/filename.go:74.3,74.19 1 1
github.com/tobias/vibefeld/internal/ledger/filename.go:74.19,76.4 1 1
github.com/tobias/vibefeld/internal/ledger/filename.go:79.2,79.24 1 1
github.com/tobias/vibefeld/internal/ledger/filename.go:83.36,86.2 2 1
github.com/tobias/vibefeld/internal/ledger/filename.go:89.48,91.2 1 1
github.com/tobias/vibefeld/internal/ledger/ledger.go:12.45,13.47 1 1
github.com/tobias/vibefeld/internal/ledger/ledger.go:13.47,15.3 1 1
github.com/tobias/vibefeld/internal/ledger/ledger.go:17.2,17.31 1 1
github.com/tobias/vibefeld/internal/ledger/ledger.go:21.31,23.2 1 1
github.com/tobias/vibefeld/internal/ledger/ledger.go:29.51,31.2 1 1
github.com/tobias/vibefeld/internal/ledger/ledger.go:36.46,38.2 1 1
github.com/tobias/vibefeld/internal/ledger/ledger.go:44.42,46.2 1 1
github.com/tobias/vibefeld/internal/ledger/ledger.go:49.39,51.2 1 1
github.com/tobias/vibefeld/internal/ledger/ledger.go:63.78,65.2 1 1
github.com/tobias/vibefeld/internal/ledger/lock.go:33.44,39.2 1 1
github.com/tobias/vibefeld/internal/ledger/lock.go:44.75,45.19 1 1
github.com/tobias/vibefeld/internal/ledger/lock.go:45.19,47.3 1 1
github.com/tobias/vibefeld/internal/ledger/lock.go:50.2,50.50 1 1
github.com/tobias/vibefeld/internal/ledger/lock.go:50.50,52.3 1 1
github.com/tobias/vibefeld/internal/ledger/lock.go:54.2,56.6 2 1
github.com/tobias/vibefeld/internal/ledger/lock.go:56.6,58.17 2 1
github.com/tobias/vibefeld/internal/ledger/lock.go:58.17,60.4 1 1
github.com/tobias/vibefeld/internal/ledger/lock.go:63.3,63.33 1 1
github.com/tobias/vibefeld/internal/ledger/lock.go:63.33,65.4 1 1
github.com/tobias/vibefeld/internal/ledger/lock.go:68.3,68.27 1 1
github.com/tobias/vibefeld/internal/ledger/lock.go:73.55,78.12 3 1
github.com/tobias/vibefeld/internal/ledger/lock.go:78.12,80.3 1 0
github.com/tobias/vibefeld/internal/ledger/lock.go:83.2,84.16 2 1
github.com/tobias/vibefeld/internal/ledger/lock.go:84.16,86.3 1 1
github.com/tobias/vibefeld/internal/ledger/lock.go:87.2,94.57 3 1
github.com/tobias/vibefeld/internal/ledger/lock.go:94.57,99.3 2 0
github.com/tobias/vibefeld/internal/ledger/lock.go:101.2,103.12 3 1
github.com/tobias/vibefeld/internal/ledger/lock.go:109.38,113.13 3 1
github.com/tobias/vibefeld/internal/ledger/lock.go:113.13,115.3 1 1
github.com/tobias/vibefeld/internal/ledger/lock.go:118.2,119.16 2 1
github.com/tobias/vibefeld/internal/ledger/lock.go:119.16,121.3 1 1
github.com/tobias/vibefeld/internal/ledger/lock.go:123.2,124.52 2 1
github.com/tobias/vibefeld/internal/ledger/lock.go:124.52,126.3 1 0
github.com/tobias/vibefeld/internal/ledger/lock.go:128.2,128.31 1 1
github.com/tobias/vibefeld/internal/ledger/lock.go:128.31,130.3 1 1
github.com/tobias/vibefeld/internal/ledger/lock.go:132.2,133.16 2 1
github.com/tobias/vibefeld/internal/ledger/lock.go:133.16,135.3 1 0
github.com/tobias/vibefeld/internal/ledger/lock.go:137.2,139.12 3 1
github.com/tobias/vibefeld/internal/ledger/lock.go:143.36,147.2 3 1
github.com/tobias/vibefeld/internal/ledger/lock.go:151.81,153.16 2 1
github.com/tobias/vibefeld/internal/ledger/lock.go:153.16,155.3 1 1
github.com/tobias/vibefeld/internal/ledger/lock.go:157.2,158.52 2 1
github.com/tobias/vibefeld/internal/ledger/lock.go:158.52,160.3 1 0
github.com/tobias/vibefeld/internal/ledger/lock.go:162.2,162.43 1 1
github.com/tobias/vibefeld/internal/ledger/read.go:23.53,24.47 1 1
github.com/tobias/vibefeld/internal/ledger/read.go:24.47,26.3 1 1
github.com/tobias/vibefeld/internal/ledger/read.go:28.2,28.14 1 1
github.com/tobias/vibefeld/internal/ledger/read.go:28.14,30.3 1 1
github.com/tobias/vibefeld/internal/ledger/read.go:32.2,34.16 3 1
github.com/tobias/vibefeld/internal/ledger/read.go:34.16,35.25 1 1
github.com/tobias/vibefeld/internal/ledger/read.go:35.25,37.4 1 1
github.com/tobias/vibefeld/internal/ledger/read.go:38.3,38.63 1 0
github.com/tobias/vibefeld/internal/ledger/read.go:42.2,42.23 1 1
github.com/tobias/vibefeld/internal/ledger/read.go:42.23,44.3 1 1
github.com/tobias/vibefeld/internal/ledger/read.go:46.2,46.18 1 1
github.com/tobias/vibefeld/internal/ledger/read.go:52.44,54.16 2 1
github.com/tobias/vibefeld/internal/ledger/read.go:54.16,56.3 1 1
github.com/tobias/vibefeld/internal/ledger/read.go:58.2,58.20 1 1
github.com/tobias/vibefeld/internal/ledger/read.go:58.20,60.3 1 1
github.com/tobias/vibefeld/internal/ledger/read.go:62.2,63.27 2 1
github.com/tobias/vibefeld/internal/ledger/read.go:63.27,65.17 2 1
github.com/tobias/vibefeld/internal/ledger/read.go:65.17,67.4 1 1
github.com/tobias/vibefeld/internal/ledger/read.go:68.3,68.32 1 1
github.com/tobias/vibefeld/internal/ledger/read.go:71.2,71.20 1 1
github.com/tobias/vibefeld/internal/ledger/read.go:78.42,80.16 2 1
github.com/tobias/vibefeld/internal/ledger/read.go:80.16,82.3 1 1
github.com/tobias/vibefeld/internal/ledger/read.go:84.2,84.27 1 1
github.com/tobias/vibefeld/internal/ledger/read.go:84.27,86.17 2 1
github.com/tobias/vibefeld/internal/ledger/read.go:86.17,88.4 1 0
github.com/tobias/vibefeld/internal/ledger/read.go:90.3,90.39 1 1
github.com/tobias/vibefeld/internal/ledger/read.go:90.39,91.26 1 1
github.com/tobias/vibefeld/internal/ledger/read.go:91.26,93.5 1 1
github.com/tobias/vibefeld/internal/ledger/read.go:94.4,94.14 1 1
github.com/tobias/vibefeld/internal/ledger/read.go:98.2,98.12 1 1
github.com/tobias/vibefeld/internal/ledger/read.go:102.37,104.16 2 1
github.com/tobias/vibefeld/internal/ledger/read.go:104.16,106.3 1 1
github.com/tobias/vibefeld/internal/ledger/read.go:107.2,107.23 1 1
github.com/tobias/vibefeld/internal/ledger/read.go:113.40,115.16 2 1
github.com/tobias/vibefeld/internal/ledger/read.go:115.16,117.3 1 1
github.com/tobias/vibefeld/internal/ledger/read.go:119.2,119.20 1 1
github.com/tobias/vibefeld/internal/ledger/read.go:119.20,121.3 1 1
github.com/tobias/vibefeld/internal/ledger/read.go:124.2,124.27 1 1
github.com/tobias/vibefeld/internal/ledger/read.go:124.27,126.22 2 1
github.com/tobias/vibefeld/internal/ledger/read.go:126.22,128.4 1 1
github.com/tobias/vibefeld/internal/ledger/read.go:131.2,131.19 1 1
github.com/tobias/vibefeld/internal/ledger/read.go:135.52,136.47 1 1
github.com/tobias/vibefeld/internal/ledger/read.go:136.47,138.3 1 1
github.com/tobias/vibefeld/internal/ledger/read.go:140.2,141.16 2 1
github.com/tobias/vibefeld/internal/ledger/read.go:141.16,143.3 1 0
github.com/tobias/vibefeld/internal/ledger/read.go:145.2,146.32 2 1
github.com/tobias/vibefeld/internal/ledger/read.go:146.32,148.20 1 1
github.com/tobias/vibefeld/internal/ledger/read.go:148.20,149.12 1 1
github.com/tobias/vibefeld/internal/ledger/read.go:153.3,154.17 2 1
github.com/tobias/vibefeld/internal/ledger/read.go:154.17,156.12 1 1
github.com/tobias/vibefeld/internal/ledger/read.go:159.3,159.27 1 1
github.com/tobias/vibefeld/internal/ledger/read.go:163.2,165.18 2 1
github.com/tobias/vibefeld/internal/ledger/read.go:170.66,172.16 2 1
github.com/tobias/vibefeld/internal/ledger/read.go:172.16,174.3 1 1
github.com/tobias/vibefeld/internal/ledger/read.go:176.2,176.51 1 1
github.com/tobias/vibefeld/internal/ledger/read.go:176.51,178.3 1 0
github.com/tobias/vibefeld/internal/ledger/read.go:180.2,180.12 1 1
github.com/tobias/vibefeld/internal/ledger/read.go:190.54,192.16 2 1
github.com/tobias/vibefeld/internal/ledger/read.go:192.16,194.3 1 1
github.com/tobias/vibefeld/internal/ledger/read.go:196.2,197.27 2 1
github.com/tobias/vibefeld/internal/ledger/read.go:197.27,202.3 1 1
github.com/tobias/vibefeld/internal/ledger/read.go:204.2,204.19 1 1
